
> @peopleos/web@0.1.0 build /Users/vivekraj/Desktop/hrms/frontend
> next build --webpack

▲ Next.js 16.3.4 (webpack)
✓ Running next.config.ts took 14ms

  Creating an optimized production build ...
✓ Compiled successfully in 2.2s
  Running TypeScript ...
  Finished TypeScript in 1945ms ...
  Collecting page data using 7 workers ...
  Generating static pages using 7 workers (0/16) ...
  Generating static pages using 7 workers (4/16) 
  Generating static pages using 7 workers (8/16) 
  Generating static pages using 7 workers (12/16) 
✓ Generating static pages using 7 workers (16/16) in 383ms
  Finalizing page optimization ...
  Collecting build traces ...

Route (app)
┌ ○ /
├ ○ /_not-found
├ ○ /admin
├ ○ /admin/attendance
├ ○ /admin/employees
├ ƒ /admin/employees/[id]
├ ○ /admin/employees/new
├ ○ /admin/login
├ ○ /admin/payroll
├ ƒ /admin/payroll/[id]
├ ○ /admin/settings
├ ○ /admin/users
├ ○ /attendance
├ ○ /dashboard
├ ○ /employee/login
├ ƒ /employees/[id]
├ ƒ /employees/[id]/salary-slip
├ ○ /login
└ ○ /profile


○  (Static)   prerendered as static content
ƒ  (Dynamic)  server-rendered on demand

